

================================================================
== Vivado HLS Report for 'nearest_neighbor'
================================================================
* Date:           Thu Oct  2 21:56:54 2014

* Version:        2014.2 (Build 932637 on Wed Jun 11 12:38:34 PM 2014)
* Project:        hls.prj
* Solution:       solution1
* Product family: zynq zynq_fpv6 
* Target device:  xc7z020clg484-1


================================================================
== Performance Estimates
================================================================
+ Timing (ns): 
    * Summary: 
    +---------+-------+----------+------------+
    |  Clock  | Target| Estimated| Uncertainty|
    +---------+-------+----------+------------+
    |default  |  10.00|      5.33|        1.25|
    +---------+-------+----------+------------+

+ Latency (clock cycles): 
    * Summary: 
    +---------+---------+---------+---------+---------+
    |      Latency      |      Interval     | Pipeline|
    |   min   |   max   |   min   |   max   |   Type  |
    +---------+---------+---------+---------+---------+
    |  1044001|  1044001|  1044002|  1044002|   none  |
    +---------+---------+---------+---------+---------+

    + Detail: 
        * Instance: 
        N/A

        * Loop: 
        +-----------------+---------+---------+----------+-----------+-----------+------+----------+
        |                 |      Latency      | Iteration|  Initiation Interval  | Trip |          |
        |    Loop Name    |   min   |   max   |  Latency |  achieved |   target  | Count| Pipelined|
        +-----------------+---------+---------+----------+-----------+-----------+------+----------+
        |- Loop 1         |  1044000|  1044000|       522|          -|          -|  2000|    no    |
        | + Loop 1.1      |      520|      520|        52|          -|          -|    10|    no    |
        |  ++ Loop 1.1.1  |       49|       49|         1|          -|          -|    49|    no    |
        +-----------------+---------+---------+----------+-----------+-----------+------+----------+



================================================================
== Utilization Estimates
================================================================
* Summary: 
+-----------------+---------+-------+--------+-------+
|       Name      | BRAM_18K| DSP48E|   FF   |  LUT  |
+-----------------+---------+-------+--------+-------+
|Expression       |        -|      -|       0|    479|
|FIFO             |        -|      -|       -|      -|
|Instance         |        -|      -|       -|      -|
|Memory           |       96|      -|       0|      0|
|Multiplexer      |        -|      -|       -|    148|
|Register         |        -|      -|     178|      -|
+-----------------+---------+-------+--------+-------+
|Total            |       96|      0|     178|    627|
+-----------------+---------+-------+--------+-------+
|Available        |      280|    220|  106400|  53200|
+-----------------+---------+-------+--------+-------+
|Utilization (%)  |       34|      0|   ~0   |      1|
+-----------------+---------+-------+--------+-------+

+ Detail: 
    * Instance: 
    N/A

    * Memory: 
    +-----------------+--------------------------------+---------+---+----+-------+-----+------+-------------+
    |      Memory     |             Module             | BRAM_18K| FF| LUT| Words | Bits| Banks| W*Bits*Banks|
    +-----------------+--------------------------------+---------+---+----+-------+-----+------+-------------+
    |training_data_U  |nearest_neighbor_training_data  |       96|  0|   0|  20000|   48|     1|       960000|
    +-----------------+--------------------------------+---------+---+----+-------+-----+------+-------------+
    |Total            |                                |       96|  0|   0|  20000|   48|     1|       960000|
    +-----------------+--------------------------------+---------+---+----+-------+-----+------+-------------+

    * FIFO: 
    N/A

    * Expression: 
    +-------------------------------+----------+-------+---+----+------------+------------+
    |         Variable Name         | Operation| DSP48E| FF| LUT| Bitwidth P0| Bitwidth P1|
    +-------------------------------+----------+-------+---+----+------------+------------+
    |counter_V_fu_245_p2            |     +    |      0|  0|  49|          49|           1|
    |data_1_fu_166_p2               |     +    |      0|  0|  11|          11|           1|
    |i_fu_221_p2                    |     +    |      0|  0|   6|           6|           1|
    |next_mul_fu_172_p2             |     +    |      0|  0|  15|          15|          11|
    |possible_result_fu_184_p2      |     +    |      0|  0|   4|           4|           1|
    |tmp_8_i_fu_233_p2              |     +    |      0|  0|  49|          49|           2|
    |training_data_addr2_fu_194_p2  |     +    |      0|  0|  15|          15|          15|
    |counter_V_1_fu_251_p3          |  Select  |      0|  0|  49|           1|          49|
    |diff_V_1_fu_239_p2             |    and   |      0|  0|  67|          49|          49|
    |exitcond1_fu_160_p2            |   icmp   |      0|  0|  13|          11|           7|
    |exitcond_fu_178_p2             |   icmp   |      0|  0|   4|           4|           4|
    |exitcond_i_fu_215_p2           |   icmp   |      0|  0|   6|           6|           5|
    |tmp_4_fu_270_p2                |   icmp   |      0|  0|  62|          49|          49|
    |tmp_7_i_fu_227_p2              |   icmp   |      0|  0|  62|          49|           1|
    |r_V_fu_209_p2                  |    xor   |      0|  0|  67|          49|          49|
    +-------------------------------+----------+-------+---+----+------------+------------+
    |Total                          |          |      0|  0| 479|         367|         245|
    +-------------------------------+----------+-------+---+----+------------+------------+

    * Multiplexer: 
    +--------------------------+----+-----------+-----+-----------+
    |           Name           | LUT| Input Size| Bits| Total Bits|
    +--------------------------+----+-----------+-----+-----------+
    |ap_NS_fsm                 |   3|          6|    3|         18|
    |data_reg_87               |  11|          2|   11|         22|
    |i_i_reg_143               |   6|          2|    6|         12|
    |max_difference_V_1_fu_58  |  11|          2|   11|         22|
    |p_1_i_reg_132             |  49|          2|   49|         98|
    |p_i_reg_123               |  49|          2|   49|         98|
    |phi_mul_reg_112           |  15|          2|   15|         30|
    |val_assign_reg_99         |   4|          2|    4|          8|
    +--------------------------+----+-----------+-----+-----------+
    |Total                     | 148|         20|  148|        308|
    +--------------------------+----+-----------+-----+-----------+

    * Register: 
    +--------------------------+----+----+-----+-----------+
    |           Name           | FF | LUT| Bits| Const Bits|
    +--------------------------+----+----+-----+-----------+
    |ap_CS_fsm                 |   3|   0|    3|          0|
    |data_1_reg_291            |  11|   0|   11|          0|
    |data_reg_87               |  11|   0|   11|          0|
    |i_i_reg_143               |   6|   0|    6|          0|
    |max_difference_V_1_fu_58  |  11|   0|   49|         38|
    |next_mul_reg_296          |  15|   0|   15|          0|
    |p_1_i_reg_132             |  49|   0|   49|          0|
    |p_i_reg_123               |  49|   0|   49|          0|
    |phi_mul_reg_112           |  15|   0|   15|          0|
    |possible_result_reg_304   |   4|   0|    4|          0|
    |val_assign_reg_99         |   4|   0|    4|          0|
    +--------------------------+----+----+-----+-----------+
    |Total                     | 178|   0|  216|         38|
    +--------------------------+----+----+-----+-----------+



================================================================
== Interface
================================================================
* Summary: 
+------------------+-----+-----+------------+------------------+--------------+
|     RTL Ports    | Dir | Bits|  Protocol  |   Source Object  |    C Type    |
+------------------+-----+-----+------------+------------------+--------------+
|ap_clk            |  in |    1| ap_ctrl_hs | nearest_neighbor | return value |
|ap_rst            |  in |    1| ap_ctrl_hs | nearest_neighbor | return value |
|ap_start          |  in |    1| ap_ctrl_hs | nearest_neighbor | return value |
|ap_done           | out |    1| ap_ctrl_hs | nearest_neighbor | return value |
|ap_idle           | out |    1| ap_ctrl_hs | nearest_neighbor | return value |
|ap_ready          | out |    1| ap_ctrl_hs | nearest_neighbor | return value |
|input_V           |  in |   49|   ap_none  |      input_V     |    pointer   |
|nearest_V         | out |    4|   ap_vld   |     nearest_V    |    pointer   |
|nearest_V_ap_vld  | out |    1|   ap_vld   |     nearest_V    |    pointer   |
+------------------+-----+-----+------------+------------------+--------------+

